Radek
Daria
Michał
DodaneTestTestTest